hbf-prefill campaign: 72 cells (skipped 0 existing)  workers=40
/home/hnpark2/event_driven_sim_claude/serving/core/online_latency_model.py:1023: CalibrationExtrapolationWarning: analytical latency extrapolates beyond calibrated coverage: decode_attention_k_per_sequence observed=920877 exceeds source bound 65536 (14.1x); further occurrences are counted silently (see extrapolation_report())
  self.validate_shape(shape)
/home/hnpark2/event_driven_sim_claude/serving/core/online_latency_model.py:1023: CalibrationExtrapolationWarning: analytical latency extrapolates beyond calibrated coverage: prefill_attention_k_tokens observed=920877 exceeds source bound 2016 (456.8x); further occurrences are counted silently (see extrapolation_report())
  self.validate_shape(shape)
/home/hnpark2/event_driven_sim_claude/serving/core/online_latency_model.py:1023: CalibrationExtrapolationWarning: analytical latency extrapolates beyond calibrated coverage: decode_attention_k_per_sequence observed=920877 exceeds source bound 65536 (14.1x); further occurrences are counted silently (see extrapolation_report())
  self.validate_shape(shape)
/home/hnpark2/event_driven_sim_claude/serving/core/online_latency_model.py:1023: CalibrationExtrapolationWarning: analytical latency extrapolates beyond calibrated coverage: prefill_attention_k_tokens observed=920877 exceeds source bound 2016 (456.8x); further occurrences are counted silently (see extrapolation_report())
  self.validate_shape(shape)
/home/hnpark2/event_driven_sim_claude/serving/core/online_latency_model.py:1023: CalibrationExtrapolationWarning: analytical latency extrapolates beyond calibrated coverage: decode_attention_k_per_sequence observed=920877 exceeds source bound 65536 (14.1x); further occurrences are counted silently (see extrapolation_report())
  self.validate_shape(shape)
/home/hnpark2/event_driven_sim_claude/serving/core/online_latency_model.py:1023: CalibrationExtrapolationWarning: analytical latency extrapolates beyond calibrated coverage: decode_attention_k_per_sequence observed=372468 exceeds source bound 65536 (5.7x); further occurrences are counted silently (see extrapolation_report())
  self.validate_shape(shape)
/home/hnpark2/event_driven_sim_claude/serving/core/online_latency_model.py:1023: CalibrationExtrapolationWarning: analytical latency extrapolates beyond calibrated coverage: prefill_attention_k_tokens observed=920877 exceeds source bound 2016 (456.8x); further occurrences are counted silently (see extrapolation_report())
  self.validate_shape(shape)
/home/hnpark2/event_driven_sim_claude/serving/core/online_latency_model.py:1023: CalibrationExtrapolationWarning: analytical latency extrapolates beyond calibrated coverage: decode_attention_k_per_sequence observed=920877 exceeds source bound 65536 (14.1x); further occurrences are counted silently (see extrapolation_report())
  self.validate_shape(shape)
/home/hnpark2/event_driven_sim_claude/serving/core/online_latency_model.py:1023: CalibrationExtrapolationWarning: analytical latency extrapolates beyond calibrated coverage: prefill_attention_k_tokens observed=372468 exceeds source bound 2016 (184.8x); further occurrences are counted silently (see extrapolation_report())
  self.validate_shape(shape)
/home/hnpark2/event_driven_sim_claude/serving/core/online_latency_model.py:1023: CalibrationExtrapolationWarning: analytical latency extrapolates beyond calibrated coverage: decode_attention_k_per_sequence observed=372468 exceeds source bound 65536 (5.7x); further occurrences are counted silently (see extrapolation_report())
  self.validate_shape(shape)
/home/hnpark2/event_driven_sim_claude/serving/core/online_latency_model.py:1023: CalibrationExtrapolationWarning: analytical latency extrapolates beyond calibrated coverage: prefill_attention_k_tokens observed=920877 exceeds source bound 2016 (456.8x); further occurrences are counted silently (see extrapolation_report())
  self.validate_shape(shape)
/home/hnpark2/event_driven_sim_claude/serving/core/online_latency_model.py:1023: CalibrationExtrapolationWarning: analytical latency extrapolates beyond calibrated coverage: decode_attention_k_per_sequence observed=920877 exceeds source bound 65536 (14.1x); further occurrences are counted silently (see extrapolation_report())
  self.validate_shape(shape)
/home/hnpark2/event_driven_sim_claude/serving/core/online_latency_model.py:1023: CalibrationExtrapolationWarning: analytical latency extrapolates beyond calibrated coverage: prefill_attention_k_tokens observed=372468 exceeds source bound 2016 (184.8x); further occurrences are counted silently (see extrapolation_report())
  self.validate_shape(shape)
/home/hnpark2/event_driven_sim_claude/serving/core/online_latency_model.py:1023: CalibrationExtrapolationWarning: analytical latency extrapolates beyond calibrated coverage: decode_attention_k_per_sequence observed=372468 exceeds source bound 65536 (5.7x); further occurrences are counted silently (see extrapolation_report())
  self.validate_shape(shape)
/home/hnpark2/event_driven_sim_claude/serving/core/online_latency_model.py:1023: CalibrationExtrapolationWarning: analytical latency extrapolates beyond calibrated coverage: decode_attention_k_per_sequence observed=920877 exceeds source bound 65536 (14.1x); further occurrences are counted silently (see extrapolation_report())
  self.validate_shape(shape)
/home/hnpark2/event_driven_sim_claude/serving/core/online_latency_model.py:1023: CalibrationExtrapolationWarning: analytical latency extrapolates beyond calibrated coverage: prefill_attention_k_tokens observed=146386 exceeds source bound 2016 (72.6x); further occurrences are counted silently (see extrapolation_report())
  self.validate_shape(shape)
/home/hnpark2/event_driven_sim_claude/serving/core/online_latency_model.py:1023: CalibrationExtrapolationWarning: analytical latency extrapolates beyond calibrated coverage: decode_attention_k_per_sequence observed=146386 exceeds source bound 65536 (2.2x); further occurrences are counted silently (see extrapolation_report())
  self.validate_shape(shape)
/home/hnpark2/event_driven_sim_claude/serving/core/online_latency_model.py:1023: CalibrationExtrapolationWarning: analytical latency extrapolates beyond calibrated coverage: prefill_attention_k_tokens observed=146386 exceeds source bound 2016 (72.6x); further occurrences are counted silently (see extrapolation_report())
  self.validate_shape(shape)
/home/hnpark2/event_driven_sim_claude/serving/core/online_latency_model.py:1023: CalibrationExtrapolationWarning: analytical latency extrapolates beyond calibrated coverage: decode_attention_k_per_sequence observed=146386 exceeds source bound 65536 (2.2x); further occurrences are counted silently (see extrapolation_report())
  self.validate_shape(shape)
/home/hnpark2/event_driven_sim_claude/serving/core/online_latency_model.py:1023: CalibrationExtrapolationWarning: analytical latency extrapolates beyond calibrated coverage: prefill_attention_k_tokens observed=146386 exceeds source bound 2016 (72.6x); further occurrences are counted silently (see extrapolation_report())
  self.validate_shape(shape)
/home/hnpark2/event_driven_sim_claude/serving/core/online_latency_model.py:1023: CalibrationExtrapolationWarning: analytical latency extrapolates beyond calibrated coverage: decode_attention_k_per_sequence observed=146386 exceeds source bound 65536 (2.2x); further occurrences are counted silently (see extrapolation_report())
  self.validate_shape(shape)
/home/hnpark2/event_driven_sim_claude/serving/core/online_latency_model.py:1023: CalibrationExtrapolationWarning: analytical latency extrapolates beyond calibrated coverage: decode_attention_k_per_sequence observed=146386 exceeds source bound 65536 (2.2x); further occurrences are counted silently (see extrapolation_report())
  self.validate_shape(shape)
/home/hnpark2/event_driven_sim_claude/serving/core/online_latency_model.py:1023: CalibrationExtrapolationWarning: analytical latency extrapolates beyond calibrated coverage: decode_attention_k_per_sequence observed=146386 exceeds source bound 65536 (2.2x); further occurrences are counted silently (see extrapolation_report())
  self.validate_shape(shape)
/home/hnpark2/event_driven_sim_claude/serving/core/online_latency_model.py:1023: CalibrationExtrapolationWarning: analytical latency extrapolates beyond calibrated coverage: prefill_attention_k_tokens observed=146386 exceeds source bound 2016 (72.6x); further occurrences are counted silently (see extrapolation_report())
  self.validate_shape(shape)
/home/hnpark2/event_driven_sim_claude/serving/core/online_latency_model.py:1023: CalibrationExtrapolationWarning: analytical latency extrapolates beyond calibrated coverage: decode_attention_k_per_sequence observed=146386 exceeds source bound 65536 (2.2x); further occurrences are counted silently (see extrapolation_report())
  self.validate_shape(shape)
/home/hnpark2/event_driven_sim_claude/serving/core/online_latency_model.py:1023: CalibrationExtrapolationWarning: analytical latency extrapolates beyond calibrated coverage: prefill_attention_query_tokens observed=7243 exceeds source bound 1024 (7.1x); further occurrences are counted silently (see extrapolation_report())
  self.validate_shape(shape)
/home/hnpark2/event_driven_sim_claude/serving/core/online_latency_model.py:1023: CalibrationExtrapolationWarning: analytical latency extrapolates beyond calibrated coverage: dense_total_tokens observed=7243 exceeds source bound 2048 (3.5x); further occurrences are counted silently (see extrapolation_report())
  self.validate_shape(shape)
/home/hnpark2/event_driven_sim_claude/serving/core/online_latency_model.py:1023: CalibrationExtrapolationWarning: analytical latency extrapolates beyond calibrated coverage: prefill_attention_query_tokens observed=18051 exceeds source bound 1024 (17.6x); further occurrences are counted silently (see extrapolation_report())
  self.validate_shape(shape)
/home/hnpark2/event_driven_sim_claude/serving/core/online_latency_model.py:1023: CalibrationExtrapolationWarning: analytical latency extrapolates beyond calibrated coverage: dense_total_tokens observed=18051 exceeds source bound 2048 (8.8x); further occurrences are counted silently (see extrapolation_report())
  self.validate_shape(shape)
/home/hnpark2/event_driven_sim_claude/serving/core/online_latency_model.py:1023: CalibrationExtrapolationWarning: analytical latency extrapolates beyond calibrated coverage: prefill_attention_k_tokens observed=334545 exceeds source bound 2016 (165.9x); further occurrences are counted silently (see extrapolation_report())
  self.validate_shape(shape)
/home/hnpark2/event_driven_sim_claude/serving/core/online_latency_model.py:1023: CalibrationExtrapolationWarning: analytical latency extrapolates beyond calibrated coverage: decode_attention_k_per_sequence observed=334545 exceeds source bound 65536 (5.1x); further occurrences are counted silently (see extrapolation_report())
  self.validate_shape(shape)
/home/hnpark2/event_driven_sim_claude/serving/core/online_latency_model.py:1023: CalibrationExtrapolationWarning: analytical latency extrapolates beyond calibrated coverage: prefill_attention_query_tokens observed=7243 exceeds source bound 1024 (7.1x); further occurrences are counted silently (see extrapolation_report())
  self.validate_shape(shape)
/home/hnpark2/event_driven_sim_claude/serving/core/online_latency_model.py:1023: CalibrationExtrapolationWarning: analytical latency extrapolates beyond calibrated coverage: dense_total_tokens observed=7243 exceeds source bound 2048 (3.5x); further occurrences are counted silently (see extrapolation_report())
  self.validate_shape(shape)
/home/hnpark2/event_driven_sim_claude/serving/core/online_latency_model.py:1023: CalibrationExtrapolationWarning: analytical latency extrapolates beyond calibrated coverage: prefill_attention_query_tokens observed=18051 exceeds source bound 1024 (17.6x); further occurrences are counted silently (see extrapolation_report())
  self.validate_shape(shape)
/home/hnpark2/event_driven_sim_claude/serving/core/online_latency_model.py:1023: CalibrationExtrapolationWarning: analytical latency extrapolates beyond calibrated coverage: dense_total_tokens observed=18051 exceeds source bound 2048 (8.8x); further occurrences are counted silently (see extrapolation_report())
  self.validate_shape(shape)
/home/hnpark2/event_driven_sim_claude/serving/core/online_latency_model.py:1023: CalibrationExtrapolationWarning: analytical latency extrapolates beyond calibrated coverage: prefill_attention_k_tokens observed=759018 exceeds source bound 2016 (376.5x); further occurrences are counted silently (see extrapolation_report())
  self.validate_shape(shape)
/home/hnpark2/event_driven_sim_claude/serving/core/online_latency_model.py:1023: CalibrationExtrapolationWarning: analytical latency extrapolates beyond calibrated coverage: decode_attention_k_per_sequence observed=759018 exceeds source bound 65536 (11.6x); further occurrences are counted silently (see extrapolation_report())
  self.validate_shape(shape)
/home/hnpark2/event_driven_sim_claude/serving/core/online_latency_model.py:1023: CalibrationExtrapolationWarning: analytical latency extrapolates beyond calibrated coverage: decode_attention_k_per_sequence observed=759018 exceeds source bound 65536 (11.6x); further occurrences are counted silently (see extrapolation_report())
  self.validate_shape(shape)
/home/hnpark2/event_driven_sim_claude/serving/core/online_latency_model.py:1023: CalibrationExtrapolationWarning: analytical latency extrapolates beyond calibrated coverage: decode_attention_k_per_sequence observed=334545 exceeds source bound 65536 (5.1x); further occurrences are counted silently (see extrapolation_report())
  self.validate_shape(shape)
/home/hnpark2/event_driven_sim_claude/serving/core/online_latency_model.py:1023: CalibrationExtrapolationWarning: analytical latency extrapolates beyond calibrated coverage: prefill_attention_query_tokens observed=7243 exceeds source bound 1024 (7.1x); further occurrences are counted silently (see extrapolation_report())
  self.validate_shape(shape)
/home/hnpark2/event_driven_sim_claude/serving/core/online_latency_model.py:1023: CalibrationExtrapolationWarning: analytical latency extrapolates beyond calibrated coverage: dense_total_tokens observed=7243 exceeds source bound 2048 (3.5x); further occurrences are counted silently (see extrapolation_report())
  self.validate_shape(shape)
/home/hnpark2/event_driven_sim_claude/serving/core/online_latency_model.py:1023: CalibrationExtrapolationWarning: analytical latency extrapolates beyond calibrated coverage: prefill_attention_k_tokens observed=334545 exceeds source bound 2016 (165.9x); further occurrences are counted silently (see extrapolation_report())
  self.validate_shape(shape)
/home/hnpark2/event_driven_sim_claude/serving/core/online_latency_model.py:1023: CalibrationExtrapolationWarning: analytical latency extrapolates beyond calibrated coverage: decode_attention_k_per_sequence observed=334545 exceeds source bound 65536 (5.1x); further occurrences are counted silently (see extrapolation_report())
  self.validate_shape(shape)
/home/hnpark2/event_driven_sim_claude/serving/core/online_latency_model.py:1023: CalibrationExtrapolationWarning: analytical latency extrapolates beyond calibrated coverage: prefill_attention_k_tokens observed=759018 exceeds source bound 2016 (376.5x); further occurrences are counted silently (see extrapolation_report())
  self.validate_shape(shape)
/home/hnpark2/event_driven_sim_claude/serving/core/online_latency_model.py:1023: CalibrationExtrapolationWarning: analytical latency extrapolates beyond calibrated coverage: decode_attention_k_per_sequence observed=759018 exceeds source bound 65536 (11.6x); further occurrences are counted silently (see extrapolation_report())
  self.validate_shape(shape)
/home/hnpark2/event_driven_sim_claude/serving/core/online_latency_model.py:1023: CalibrationExtrapolationWarning: analytical latency extrapolates beyond calibrated coverage: prefill_attention_query_tokens observed=18051 exceeds source bound 1024 (17.6x); further occurrences are counted silently (see extrapolation_report())
  self.validate_shape(shape)
/home/hnpark2/event_driven_sim_claude/serving/core/online_latency_model.py:1023: CalibrationExtrapolationWarning: analytical latency extrapolates beyond calibrated coverage: dense_total_tokens observed=18051 exceeds source bound 2048 (8.8x); further occurrences are counted silently (see extrapolation_report())
  self.validate_shape(shape)
/home/hnpark2/event_driven_sim_claude/serving/core/online_latency_model.py:1023: CalibrationExtrapolationWarning: analytical latency extrapolates beyond calibrated coverage: prefill_attention_query_tokens observed=1229 exceeds source bound 1024 (1.2x); further occurrences are counted silently (see extrapolation_report())
  self.validate_shape(shape)
/home/hnpark2/event_driven_sim_claude/serving/core/online_latency_model.py:1023: CalibrationExtrapolationWarning: analytical latency extrapolates beyond calibrated coverage: prefill_attention_k_tokens observed=645627 exceeds source bound 2016 (320.3x); further occurrences are counted silently (see extrapolation_report())
  self.validate_shape(shape)
/home/hnpark2/event_driven_sim_claude/serving/core/online_latency_model.py:1023: CalibrationExtrapolationWarning: analytical latency extrapolates beyond calibrated coverage: decode_attention_k_per_sequence observed=645627 exceeds source bound 65536 (9.9x); further occurrences are counted silently (see extrapolation_report())
  self.validate_shape(shape)
/home/hnpark2/event_driven_sim_claude/serving/core/online_latency_model.py:1023: CalibrationExtrapolationWarning: analytical latency extrapolates beyond calibrated coverage: prefill_attention_query_tokens observed=7243 exceeds source bound 1024 (7.1x); further occurrences are counted silently (see extrapolation_report())
  self.validate_shape(shape)
/home/hnpark2/event_driven_sim_claude/serving/core/online_latency_model.py:1023: CalibrationExtrapolationWarning: analytical latency extrapolates beyond calibrated coverage: dense_total_tokens observed=7243 exceeds source bound 2048 (3.5x); further occurrences are counted silently (see extrapolation_report())
  self.validate_shape(shape)
/home/hnpark2/event_driven_sim_claude/serving/core/online_latency_model.py:1023: CalibrationExtrapolationWarning: analytical latency extrapolates beyond calibrated coverage: prefill_attention_query_tokens observed=18051 exceeds source bound 1024 (17.6x); further occurrences are counted silently (see extrapolation_report())
  self.validate_shape(shape)
/home/hnpark2/event_driven_sim_claude/serving/core/online_latency_model.py:1023: CalibrationExtrapolationWarning: analytical latency extrapolates beyond calibrated coverage: dense_total_tokens observed=18051 exceeds source bound 2048 (8.8x); further occurrences are counted silently (see extrapolation_report())
  self.validate_shape(shape)
/home/hnpark2/event_driven_sim_claude/serving/core/online_latency_model.py:1023: CalibrationExtrapolationWarning: analytical latency extrapolates beyond calibrated coverage: decode_attention_k_per_sequence observed=645627 exceeds source bound 65536 (9.9x); further occurrences are counted silently (see extrapolation_report())
  self.validate_shape(shape)
/home/hnpark2/event_driven_sim_claude/serving/core/online_latency_model.py:1023: CalibrationExtrapolationWarning: analytical latency extrapolates beyond calibrated coverage: prefill_attention_query_tokens observed=1229 exceeds source bound 1024 (1.2x); further occurrences are counted silently (see extrapolation_report())
  self.validate_shape(shape)
/home/hnpark2/event_driven_sim_claude/serving/core/online_latency_model.py:1023: CalibrationExtrapolationWarning: analytical latency extrapolates beyond calibrated coverage: prefill_attention_k_tokens observed=645627 exceeds source bound 2016 (320.3x); further occurrences are counted silently (see extrapolation_report())
  self.validate_shape(shape)
/home/hnpark2/event_driven_sim_claude/serving/core/online_latency_model.py:1023: CalibrationExtrapolationWarning: analytical latency extrapolates beyond calibrated coverage: decode_attention_k_per_sequence observed=645627 exceeds source bound 65536 (9.9x); further occurrences are counted silently (see extrapolation_report())
  self.validate_shape(shape)
/home/hnpark2/event_driven_sim_claude/serving/core/online_latency_model.py:1023: CalibrationExtrapolationWarning: analytical latency extrapolates beyond calibrated coverage: prefill_attention_k_tokens observed=146386 exceeds source bound 2016 (72.6x); further occurrences are counted silently (see extrapolation_report())
  self.validate_shape(shape)
/home/hnpark2/event_driven_sim_claude/serving/core/online_latency_model.py:1023: CalibrationExtrapolationWarning: analytical latency extrapolates beyond calibrated coverage: decode_attention_k_per_sequence observed=146386 exceeds source bound 65536 (2.2x); further occurrences are counted silently (see extrapolation_report())
  self.validate_shape(shape)
/home/hnpark2/event_driven_sim_claude/serving/core/online_latency_model.py:1023: CalibrationExtrapolationWarning: analytical latency extrapolates beyond calibrated coverage: prefill_attention_k_tokens observed=75904 exceeds source bound 2016 (37.7x); further occurrences are counted silently (see extrapolation_report())
  self.validate_shape(shape)
/home/hnpark2/event_driven_sim_claude/serving/core/online_latency_model.py:1023: CalibrationExtrapolationWarning: analytical latency extrapolates beyond calibrated coverage: decode_attention_k_per_sequence observed=75904 exceeds source bound 65536 (1.2x); further occurrences are counted silently (see extrapolation_report())
  self.validate_shape(shape)
/home/hnpark2/event_driven_sim_claude/serving/core/online_latency_model.py:1023: CalibrationExtrapolationWarning: analytical latency extrapolates beyond calibrated coverage: prefill_attention_k_tokens observed=146386 exceeds source bound 2016 (72.6x); further occurrences are counted silently (see extrapolation_report())
  self.validate_shape(shape)
/home/hnpark2/event_driven_sim_claude/serving/core/online_latency_model.py:1023: CalibrationExtrapolationWarning: analytical latency extrapolates beyond calibrated coverage: decode_attention_k_per_sequence observed=146386 exceeds source bound 65536 (2.2x); further occurrences are counted silently (see extrapolation_report())
  self.validate_shape(shape)
/home/hnpark2/event_driven_sim_claude/serving/core/online_latency_model.py:1023: CalibrationExtrapolationWarning: analytical latency extrapolates beyond calibrated coverage: prefill_attention_k_tokens observed=75904 exceeds source bound 2016 (37.7x); further occurrences are counted silently (see extrapolation_report())
  self.validate_shape(shape)
/home/hnpark2/event_driven_sim_claude/serving/core/online_latency_model.py:1023: CalibrationExtrapolationWarning: analytical latency extrapolates beyond calibrated coverage: decode_attention_k_per_sequence observed=75904 exceeds source bound 65536 (1.2x); further occurrences are counted silently (see extrapolation_report())
  self.validate_shape(shape)
/home/hnpark2/event_driven_sim_claude/serving/core/online_latency_model.py:1023: CalibrationExtrapolationWarning: analytical latency extrapolates beyond calibrated coverage: decode_attention_k_per_sequence observed=146386 exceeds source bound 65536 (2.2x); further occurrences are counted silently (see extrapolation_report())
  self.validate_shape(shape)
/home/hnpark2/event_driven_sim_claude/serving/core/online_latency_model.py:1023: CalibrationExtrapolationWarning: analytical latency extrapolates beyond calibrated coverage: prefill_attention_query_tokens observed=2011 exceeds source bound 1024 (2.0x); further occurrences are counted silently (see extrapolation_report())
  self.validate_shape(shape)
/home/hnpark2/event_driven_sim_claude/serving/core/online_latency_model.py:1023: CalibrationExtrapolationWarning: analytical latency extrapolates beyond calibrated coverage: decode_attention_k_per_sequence observed=75904 exceeds source bound 65536 (1.2x); further occurrences are counted silently (see extrapolation_report())
  self.validate_shape(shape)
/home/hnpark2/event_driven_sim_claude/serving/core/online_latency_model.py:1023: CalibrationExtrapolationWarning: analytical latency extrapolates beyond calibrated coverage: prefill_attention_query_tokens observed=2285 exceeds source bound 1024 (2.2x); further occurrences are counted silently (see extrapolation_report())
  self.validate_shape(shape)
/home/hnpark2/event_driven_sim_claude/serving/core/online_latency_model.py:1023: CalibrationExtrapolationWarning: analytical latency extrapolates beyond calibrated coverage: prefill_attention_k_tokens observed=705113 exceeds source bound 2016 (349.8x); further occurrences are counted silently (see extrapolation_report())
  self.validate_shape(shape)
/home/hnpark2/event_driven_sim_claude/serving/core/online_latency_model.py:1023: CalibrationExtrapolationWarning: analytical latency extrapolates beyond calibrated coverage: dense_total_tokens observed=2285 exceeds source bound 2048 (1.1x); further occurrences are counted silently (see extrapolation_report())
  self.validate_shape(shape)
/home/hnpark2/event_driven_sim_claude/serving/core/online_latency_model.py:1023: CalibrationExtrapolationWarning: analytical latency extrapolates beyond calibrated coverage: decode_attention_k_per_sequence observed=705113 exceeds source bound 65536 (10.8x); further occurrences are counted silently (see extrapolation_report())
  self.validate_shape(shape)
/home/hnpark2/event_driven_sim_claude/serving/core/online_latency_model.py:1023: CalibrationExtrapolationWarning: analytical latency extrapolates beyond calibrated coverage: prefill_attention_query_tokens observed=2011 exceeds source bound 1024 (2.0x); further occurrences are counted silently (see extrapolation_report())
  self.validate_shape(shape)
/home/hnpark2/event_driven_sim_claude/serving/core/online_latency_model.py:1023: CalibrationExtrapolationWarning: analytical latency extrapolates beyond calibrated coverage: prefill_attention_query_tokens observed=2285 exceeds source bound 1024 (2.2x); further occurrences are counted silently (see extrapolation_report())
  self.validate_shape(shape)
/home/hnpark2/event_driven_sim_claude/serving/core/online_latency_model.py:1023: CalibrationExtrapolationWarning: analytical latency extrapolates beyond calibrated coverage: prefill_attention_k_tokens observed=705113 exceeds source bound 2016 (349.8x); further occurrences are counted silently (see extrapolation_report())
  self.validate_shape(shape)
/home/hnpark2/event_driven_sim_claude/serving/core/online_latency_model.py:1023: CalibrationExtrapolationWarning: analytical latency extrapolates beyond calibrated coverage: dense_total_tokens observed=2285 exceeds source bound 2048 (1.1x); further occurrences are counted silently (see extrapolation_report())
  self.validate_shape(shape)
/home/hnpark2/event_driven_sim_claude/serving/core/online_latency_model.py:1023: CalibrationExtrapolationWarning: analytical latency extrapolates beyond calibrated coverage: decode_attention_k_per_sequence observed=705113 exceeds source bound 65536 (10.8x); further occurrences are counted silently (see extrapolation_report())
  self.validate_shape(shape)
/home/hnpark2/event_driven_sim_claude/serving/core/online_latency_model.py:1023: CalibrationExtrapolationWarning: analytical latency extrapolates beyond calibrated coverage: prefill_attention_query_tokens observed=2362 exceeds source bound 1024 (2.3x); further occurrences are counted silently (see extrapolation_report())
  self.validate_shape(shape)
/home/hnpark2/event_driven_sim_claude/serving/core/online_latency_model.py:1023: CalibrationExtrapolationWarning: analytical latency extrapolates beyond calibrated coverage: dense_total_tokens observed=2362 exceeds source bound 2048 (1.2x); further occurrences are counted silently (see extrapolation_report())
  self.validate_shape(shape)
/home/hnpark2/event_driven_sim_claude/serving/core/online_latency_model.py:1023: CalibrationExtrapolationWarning: analytical latency extrapolates beyond calibrated coverage: decode_attention_k_per_sequence observed=705113 exceeds source bound 65536 (10.8x); further occurrences are counted silently (see extrapolation_report())
  self.validate_shape(shape)
/home/hnpark2/event_driven_sim_claude/serving/core/online_latency_model.py:1023: CalibrationExtrapolationWarning: analytical latency extrapolates beyond calibrated coverage: prefill_attention_query_tokens observed=2362 exceeds source bound 1024 (2.3x); further occurrences are counted silently (see extrapolation_report())
  self.validate_shape(shape)
/home/hnpark2/event_driven_sim_claude/serving/core/online_latency_model.py:1023: CalibrationExtrapolationWarning: analytical latency extrapolates beyond calibrated coverage: dense_total_tokens observed=2362 exceeds source bound 2048 (1.2x); further occurrences are counted silently (see extrapolation_report())
  self.validate_shape(shape)
/home/hnpark2/event_driven_sim_claude/serving/core/online_latency_model.py:1023: CalibrationExtrapolationWarning: analytical latency extrapolates beyond calibrated coverage: dense_total_tokens observed=2285 exceeds source bound 2048 (1.1x); further occurrences are counted silently (see extrapolation_report())
  self.validate_shape(shape)
/home/hnpark2/event_driven_sim_claude/serving/core/online_latency_model.py:1023: CalibrationExtrapolationWarning: analytical latency extrapolates beyond calibrated coverage: dense_total_tokens observed=2285 exceeds source bound 2048 (1.1x); further occurrences are counted silently (see extrapolation_report())
  self.validate_shape(shape)
/home/hnpark2/event_driven_sim_claude/serving/core/online_latency_model.py:1023: CalibrationExtrapolationWarning: analytical latency extrapolates beyond calibrated coverage: prefill_attention_query_tokens observed=18051 exceeds source bound 1024 (17.6x); further occurrences are counted silently (see extrapolation_report())
  self.validate_shape(shape)
/home/hnpark2/event_driven_sim_claude/serving/core/online_latency_model.py:1023: CalibrationExtrapolationWarning: analytical latency extrapolates beyond calibrated coverage: dense_total_tokens observed=18051 exceeds source bound 2048 (8.8x); further occurrences are counted silently (see extrapolation_report())
  self.validate_shape(shape)
/home/hnpark2/event_driven_sim_claude/serving/core/online_latency_model.py:1023: CalibrationExtrapolationWarning: analytical latency extrapolates beyond calibrated coverage: prefill_attention_query_tokens observed=2285 exceeds source bound 1024 (2.2x); further occurrences are counted silently (see extrapolation_report())
  self.validate_shape(shape)
/home/hnpark2/event_driven_sim_claude/serving/core/online_latency_model.py:1023: CalibrationExtrapolationWarning: analytical latency extrapolates beyond calibrated coverage: prefill_attention_k_tokens observed=670472 exceeds source bound 2016 (332.6x); further occurrences are counted silently (see extrapolation_report())
  self.validate_shape(shape)
/home/hnpark2/event_driven_sim_claude/serving/core/online_latency_model.py:1023: CalibrationExtrapolationWarning: analytical latency extrapolates beyond calibrated coverage: dense_total_tokens observed=2285 exceeds source bound 2048 (1.1x); further occurrences are counted silently (see extrapolation_report())
  self.validate_shape(shape)
/home/hnpark2/event_driven_sim_claude/serving/core/online_latency_model.py:1023: CalibrationExtrapolationWarning: analytical latency extrapolates beyond calibrated coverage: decode_attention_k_per_sequence observed=670472 exceeds source bound 65536 (10.2x); further occurrences are counted silently (see extrapolation_report())
  self.validate_shape(shape)
/home/hnpark2/event_driven_sim_claude/serving/core/online_latency_model.py:1023: CalibrationExtrapolationWarning: analytical latency extrapolates beyond calibrated coverage: prefill_attention_query_tokens observed=18051 exceeds source bound 1024 (17.6x); further occurrences are counted silently (see extrapolation_report())
  self.validate_shape(shape)
/home/hnpark2/event_driven_sim_claude/serving/core/online_latency_model.py:1023: CalibrationExtrapolationWarning: analytical latency extrapolates beyond calibrated coverage: dense_total_tokens observed=18051 exceeds source bound 2048 (8.8x); further occurrences are counted silently (see extrapolation_report())
  self.validate_shape(shape)
/home/hnpark2/event_driven_sim_claude/serving/core/online_latency_model.py:1023: CalibrationExtrapolationWarning: analytical latency extrapolates beyond calibrated coverage: prefill_attention_query_tokens observed=2285 exceeds source bound 1024 (2.2x); further occurrences are counted silently (see extrapolation_report())
  self.validate_shape(shape)
/home/hnpark2/event_driven_sim_claude/serving/core/online_latency_model.py:1023: CalibrationExtrapolationWarning: analytical latency extrapolates beyond calibrated coverage: prefill_attention_k_tokens observed=670472 exceeds source bound 2016 (332.6x); further occurrences are counted silently (see extrapolation_report())
  self.validate_shape(shape)
/home/hnpark2/event_driven_sim_claude/serving/core/online_latency_model.py:1023: CalibrationExtrapolationWarning: analytical latency extrapolates beyond calibrated coverage: dense_total_tokens observed=2285 exceeds source bound 2048 (1.1x); further occurrences are counted silently (see extrapolation_report())
  self.validate_shape(shape)
/home/hnpark2/event_driven_sim_claude/serving/core/online_latency_model.py:1023: CalibrationExtrapolationWarning: analytical latency extrapolates beyond calibrated coverage: decode_attention_k_per_sequence observed=670472 exceeds source bound 65536 (10.2x); further occurrences are counted silently (see extrapolation_report())
  self.validate_shape(shape)
/home/hnpark2/event_driven_sim_claude/serving/core/online_latency_model.py:1023: CalibrationExtrapolationWarning: analytical latency extrapolates beyond calibrated coverage: decode_attention_k_per_sequence observed=670472 exceeds source bound 65536 (10.2x); further occurrences are counted silently (see extrapolation_report())
  self.validate_shape(shape)
/home/hnpark2/event_driven_sim_claude/serving/core/online_latency_model.py:1023: CalibrationExtrapolationWarning: analytical latency extrapolates beyond calibrated coverage: prefill_attention_k_tokens observed=55380 exceeds source bound 2016 (27.5x); further occurrences are counted silently (see extrapolation_report())
  self.validate_shape(shape)
/home/hnpark2/event_driven_sim_claude/serving/core/online_latency_model.py:1023: CalibrationExtrapolationWarning: analytical latency extrapolates beyond calibrated coverage: prefill_attention_query_tokens observed=1500 exceeds source bound 1024 (1.5x); further occurrences are counted silently (see extrapolation_report())
  self.validate_shape(shape)
/home/hnpark2/event_driven_sim_claude/serving/core/online_latency_model.py:1023: CalibrationExtrapolationWarning: analytical latency extrapolates beyond calibrated coverage: dense_total_tokens observed=31386 exceeds source bound 2048 (15.3x); further occurrences are counted silently (see extrapolation_report())
  self.validate_shape(shape)
/home/hnpark2/event_driven_sim_claude/serving/core/online_latency_model.py:1023: CalibrationExtrapolationWarning: analytical latency extrapolates beyond calibrated coverage: decode_attention_k_per_sequence observed=919180 exceeds source bound 65536 (14.0x); further occurrences are counted silently (see extrapolation_report())
  self.validate_shape(shape)
/home/hnpark2/event_driven_sim_claude/serving/core/online_latency_model.py:1023: CalibrationExtrapolationWarning: analytical latency extrapolates beyond calibrated coverage: prefill_attention_k_tokens observed=55380 exceeds source bound 2016 (27.5x); further occurrences are counted silently (see extrapolation_report())
  self.validate_shape(shape)
/home/hnpark2/event_driven_sim_claude/serving/core/online_latency_model.py:1023: CalibrationExtrapolationWarning: analytical latency extrapolates beyond calibrated coverage: dense_total_tokens observed=31386 exceeds source bound 2048 (15.3x); further occurrences are counted silently (see extrapolation_report())
  self.validate_shape(shape)
/home/hnpark2/event_driven_sim_claude/serving/core/online_latency_model.py:1023: CalibrationExtrapolationWarning: analytical latency extrapolates beyond calibrated coverage: prefill_attention_query_tokens observed=1500 exceeds source bound 1024 (1.5x); further occurrences are counted silently (see extrapolation_report())
  self.validate_shape(shape)
/home/hnpark2/event_driven_sim_claude/serving/core/online_latency_model.py:1023: CalibrationExtrapolationWarning: analytical latency extrapolates beyond calibrated coverage: prefill_attention_query_tokens observed=31386 exceeds source bound 1024 (30.7x); further occurrences are counted silently (see extrapolation_report())
  self.validate_shape(shape)
/home/hnpark2/event_driven_sim_claude/serving/core/online_latency_model.py:1023: CalibrationExtrapolationWarning: analytical latency extrapolates beyond calibrated coverage: prefill_attention_k_tokens observed=31386 exceeds source bound 2016 (15.6x); further occurrences are counted silently (see extrapolation_report())
  self.validate_shape(shape)
/home/hnpark2/event_driven_sim_claude/serving/core/online_latency_model.py:1023: CalibrationExtrapolationWarning: analytical latency extrapolates beyond calibrated coverage: dense_total_tokens observed=31386 exceeds source bound 2048 (15.3x); further occurrences are counted silently (see extrapolation_report())
  self.validate_shape(shape)
/home/hnpark2/event_driven_sim_claude/serving/core/online_latency_model.py:1023: CalibrationExtrapolationWarning: analytical latency extrapolates beyond calibrated coverage: decode_attention_k_per_sequence observed=88359 exceeds source bound 65536 (1.3x); further occurrences are counted silently (see extrapolation_report())
  self.validate_shape(shape)
/home/hnpark2/event_driven_sim_claude/serving/core/online_latency_model.py:1023: CalibrationExtrapolationWarning: analytical latency extrapolates beyond calibrated coverage: decode_attention_k_per_sequence observed=919180 exceeds source bound 65536 (14.0x); further occurrences are counted silently (see extrapolation_report())
  self.validate_shape(shape)
/home/hnpark2/event_driven_sim_claude/serving/core/online_latency_model.py:1023: CalibrationExtrapolationWarning: analytical latency extrapolates beyond calibrated coverage: decode_attention_k_per_sequence observed=919180 exceeds source bound 65536 (14.0x); further occurrences are counted silently (see extrapolation_report())
  self.validate_shape(shape)
/home/hnpark2/event_driven_sim_claude/serving/core/online_latency_model.py:1023: CalibrationExtrapolationWarning: analytical latency extrapolates beyond calibrated coverage: dense_total_tokens observed=18051 exceeds source bound 2048 (8.8x); further occurrences are counted silently (see extrapolation_report())
  self.validate_shape(shape)
/home/hnpark2/event_driven_sim_claude/serving/core/online_latency_model.py:1023: CalibrationExtrapolationWarning: analytical latency extrapolates beyond calibrated coverage: dense_total_tokens observed=18051 exceeds source bound 2048 (8.8x); further occurrences are counted silently (see extrapolation_report())
  self.validate_shape(shape)
/home/hnpark2/event_driven_sim_claude/serving/core/online_latency_model.py:1023: CalibrationExtrapolationWarning: analytical latency extrapolates beyond calibrated coverage: prefill_attention_query_tokens observed=3625 exceeds source bound 1024 (3.5x); further occurrences are counted silently (see extrapolation_report())
  self.validate_shape(shape)
/home/hnpark2/event_driven_sim_claude/serving/core/online_latency_model.py:1023: CalibrationExtrapolationWarning: analytical latency extrapolates beyond calibrated coverage: dense_total_tokens observed=3625 exceeds source bound 2048 (1.8x); further occurrences are counted silently (see extrapolation_report())
  self.validate_shape(shape)
/home/hnpark2/event_driven_sim_claude/serving/core/online_latency_model.py:1023: CalibrationExtrapolationWarning: analytical latency extrapolates beyond calibrated coverage: prefill_attention_query_tokens observed=1297 exceeds source bound 1024 (1.3x); further occurrences are counted silently (see extrapolation_report())
  self.validate_shape(shape)
/home/hnpark2/event_driven_sim_claude/serving/core/online_latency_model.py:1023: CalibrationExtrapolationWarning: analytical latency extrapolates beyond calibrated coverage: prefill_attention_query_tokens observed=3625 exceeds source bound 1024 (3.5x); further occurrences are counted silently (see extrapolation_report())
  self.validate_shape(shape)
/home/hnpark2/event_driven_sim_claude/serving/core/online_latency_model.py:1023: CalibrationExtrapolationWarning: analytical latency extrapolates beyond calibrated coverage: dense_total_tokens observed=3625 exceeds source bound 2048 (1.8x); further occurrences are counted silently (see extrapolation_report())
  self.validate_shape(shape)
/home/hnpark2/event_driven_sim_claude/serving/core/online_latency_model.py:1023: CalibrationExtrapolationWarning: analytical latency extrapolates beyond calibrated coverage: prefill_attention_query_tokens observed=1297 exceeds source bound 1024 (1.3x); further occurrences are counted silently (see extrapolation_report())
  self.validate_shape(shape)
/home/hnpark2/event_driven_sim_claude/serving/core/online_latency_model.py:1023: CalibrationExtrapolationWarning: analytical latency extrapolates beyond calibrated coverage: dense_total_tokens observed=3625 exceeds source bound 2048 (1.8x); further occurrences are counted silently (see extrapolation_report())
  self.validate_shape(shape)
/home/hnpark2/event_driven_sim_claude/serving/core/online_latency_model.py:1023: CalibrationExtrapolationWarning: analytical latency extrapolates beyond calibrated coverage: dense_total_tokens observed=3625 exceeds source bound 2048 (1.8x); further occurrences are counted silently (see extrapolation_report())
  self.validate_shape(shape)
